// Vitest Snapshot v1, https://vitest.dev/guide/snapshot.html

exports[`DetailsView > renders correctly 1`] = `"<main-layout-stub loading="true"></main-layout-stub>"`;
