// Vitest Snapshot v1, https://vitest.dev/guide/snapshot.html

exports[`HomeView > renders correctly 1`] = `"<main-layout-stub loading="false"></main-layout-stub>"`;
