// Vitest Snapshot v1, https://vitest.dev/guide/snapshot.html

exports[`SearchView > renders correctly 1`] = `"<main-layout-stub data-v-61d5b3d3="" loading="false"></main-layout-stub>"`;
