// Vitest Snapshot v1, https://vitest.dev/guide/snapshot.html

exports[`HeaderLogo > renders correctly 1`] = `"<router-link-stub to="/" replace="false" custom="false" ariacurrentvalue="page"></router-link-stub>"`;
