// Vitest Snapshot v1, https://vitest.dev/guide/snapshot.html

exports[`LayoutFooter > renders correctly 1`] = `"<div data-v-c8ff7694="" class="footer">Copyright Â© 2024 TVMAZE</div>"`;
