// Vitest Snapshot v1, https://vitest.dev/guide/snapshot.html

exports[`LayoutHeader > renders correctly 1`] = `
"<header>
  <div class="container">
    <div class="col-span-1 lg:block hidden"></div>
    <div class="col-span-3"></div>
    <div class="header-inner"></div>
  </div>
</header>"
`;
