// Vitest Snapshot v1, https://vitest.dev/guide/snapshot.html

exports[`MainLayout > renders correctly 1`] = `
"<main data-v-22686b16="" class="main">
  <div data-v-22686b16="" class="scr">
    <header data-v-22686b16="">
      <div class="container">
        <div class="col-span-1 lg:block hidden">
          <router-link-stub data-v-22686b16="" to="/" replace="false" custom="false" ariacurrentvalue="page"></router-link-stub>
        </div>
        <div class="col-span-3">
          <header-search-stub data-v-22686b16=""></header-search-stub>
        </div>
        <div class="header-inner"><a data-v-1dc335c6="" class="nav-item" href="">Shows</a><a data-v-1dc335c6="" class="nav-item" href="">About Us</a><a data-v-1dc335c6="" class="nav-item" href="">Contact Us</a></div>
      </div>
    </header>
    <div data-v-22686b16="" class="container"></div>
    <div data-v-c8ff7694="" data-v-22686b16="" class="footer">Copyright Â© 2024 TVMAZE</div>
  </div>
</main>"
`;
