// Vitest Snapshot v1, https://vitest.dev/guide/snapshot.html

exports[`SwiperWrapper > renders correctly 1`] = `
"<swiper-stub tag="div" wrappertag="div" modules="function Autoplay(_ref) {
  let {
    swiper,
    extendParams,
    on,
    emit,
    params
  } = _ref;
  swiper.autoplay = {
    running: false,
    paused: false,
    timeLeft: 0
  };
  extendParams({
    autoplay: {
      enabled: false,
      delay: 3000,
      waitForTransition: true,
      disableOnInteraction: false,
      stopOnLastSlide: false,
      reverseDirection: false,
      pauseOnMouseEnter: false
    }
  });
  let timeout;
  let raf;
  let autoplayDelayTotal = params &amp;&amp; params.autoplay ? params.autoplay.delay : 3000;
  let autoplayDelayCurrent = params &amp;&amp; params.autoplay ? params.autoplay.delay : 3000;
  let autoplayTimeLeft;
  let autoplayStartTime = new Date().getTime();
  let wasPaused;
  let isTouched;
  let pausedByTouch;
  let touchStartTimeout;
  let slideChanged;
  let pausedByInteraction;
  let pausedByPointerEnter;
  function onTransitionEnd(e) {
    if (!swiper || swiper.destroyed || !swiper.wrapperEl) return;
    if (e.target !== swiper.wrapperEl) return;
    swiper.wrapperEl.removeEventListener('transitionend', onTransitionEnd);
    if (pausedByPointerEnter || e.detail &amp;&amp; e.detail.bySwiperTouchMove) {
      return;
    }
    resume();
  }
  const calcTimeLeft = () => {
    if (swiper.destroyed || !swiper.autoplay.running) return;
    if (swiper.autoplay.paused) {
      wasPaused = true;
    } else if (wasPaused) {
      autoplayDelayCurrent = autoplayTimeLeft;
      wasPaused = false;
    }
    const timeLeft = swiper.autoplay.paused ? autoplayTimeLeft : autoplayStartTime + autoplayDelayCurrent - new Date().getTime();
    swiper.autoplay.timeLeft = timeLeft;
    emit('autoplayTimeLeft', timeLeft, timeLeft / autoplayDelayTotal);
    raf = requestAnimationFrame(() => {
      calcTimeLeft();
    });
  };
  const getSlideDelay = () => {
    let activeSlideEl;
    if (swiper.virtual &amp;&amp; swiper.params.virtual.enabled) {
      activeSlideEl = swiper.slides.filter(slideEl => slideEl.classList.contains('swiper-slide-active'))[0];
    } else {
      activeSlideEl = swiper.slides[swiper.activeIndex];
    }
    if (!activeSlideEl) return undefined;
    const currentSlideDelay = parseInt(activeSlideEl.getAttribute('data-swiper-autoplay'), 10);
    return currentSlideDelay;
  };
  const run = delayForce => {
    if (swiper.destroyed || !swiper.autoplay.running) return;
    cancelAnimationFrame(raf);
    calcTimeLeft();
    let delay = typeof delayForce === 'undefined' ? swiper.params.autoplay.delay : delayForce;
    autoplayDelayTotal = swiper.params.autoplay.delay;
    autoplayDelayCurrent = swiper.params.autoplay.delay;
    const currentSlideDelay = getSlideDelay();
    if (!Number.isNaN(currentSlideDelay) &amp;&amp; currentSlideDelay > 0 &amp;&amp; typeof delayForce === 'undefined') {
      delay = currentSlideDelay;
      autoplayDelayTotal = currentSlideDelay;
      autoplayDelayCurrent = currentSlideDelay;
    }
    autoplayTimeLeft = delay;
    const speed = swiper.params.speed;
    const proceed = () => {
      if (!swiper || swiper.destroyed) return;
      if (swiper.params.autoplay.reverseDirection) {
        if (!swiper.isBeginning || swiper.params.loop || swiper.params.rewind) {
          swiper.slidePrev(speed, true, true);
          emit('autoplay');
        } else if (!swiper.params.autoplay.stopOnLastSlide) {
          swiper.slideTo(swiper.slides.length - 1, speed, true, true);
          emit('autoplay');
        }
      } else {
        if (!swiper.isEnd || swiper.params.loop || swiper.params.rewind) {
          swiper.slideNext(speed, true, true);
          emit('autoplay');
        } else if (!swiper.params.autoplay.stopOnLastSlide) {
          swiper.slideTo(0, speed, true, true);
          emit('autoplay');
        }
      }
      if (swiper.params.cssMode) {
        autoplayStartTime = new Date().getTime();
        requestAnimationFrame(() => {
          run();
        });
      }
    };
    if (delay > 0) {
      clearTimeout(timeout);
      timeout = setTimeout(() => {
        proceed();
      }, delay);
    } else {
      requestAnimationFrame(() => {
        proceed();
      });
    }

    // eslint-disable-next-line
    return delay;
  };
  const start = () => {
    autoplayStartTime = new Date().getTime();
    swiper.autoplay.running = true;
    run();
    emit('autoplayStart');
  };
  const stop = () => {
    swiper.autoplay.running = false;
    clearTimeout(timeout);
    cancelAnimationFrame(raf);
    emit('autoplayStop');
  };
  const pause = (internal, reset) => {
    if (swiper.destroyed || !swiper.autoplay.running) return;
    clearTimeout(timeout);
    if (!internal) {
      pausedByInteraction = true;
    }
    const proceed = () => {
      emit('autoplayPause');
      if (swiper.params.autoplay.waitForTransition) {
        swiper.wrapperEl.addEventListener('transitionend', onTransitionEnd);
      } else {
        resume();
      }
    };
    swiper.autoplay.paused = true;
    if (reset) {
      if (slideChanged) {
        autoplayTimeLeft = swiper.params.autoplay.delay;
      }
      slideChanged = false;
      proceed();
      return;
    }
    const delay = autoplayTimeLeft || swiper.params.autoplay.delay;
    autoplayTimeLeft = delay - (new Date().getTime() - autoplayStartTime);
    if (swiper.isEnd &amp;&amp; autoplayTimeLeft < 0 &amp;&amp; !swiper.params.loop) return;
    if (autoplayTimeLeft < 0) autoplayTimeLeft = 0;
    proceed();
  };
  const resume = () => {
    if (swiper.isEnd &amp;&amp; autoplayTimeLeft < 0 &amp;&amp; !swiper.params.loop || swiper.destroyed || !swiper.autoplay.running) return;
    autoplayStartTime = new Date().getTime();
    if (pausedByInteraction) {
      pausedByInteraction = false;
      run(autoplayTimeLeft);
    } else {
      run();
    }
    swiper.autoplay.paused = false;
    emit('autoplayResume');
  };
  const onVisibilityChange = () => {
    if (swiper.destroyed || !swiper.autoplay.running) return;
    const document = getDocument();
    if (document.visibilityState === 'hidden') {
      pausedByInteraction = true;
      pause(true);
    }
    if (document.visibilityState === 'visible') {
      resume();
    }
  };
  const onPointerEnter = e => {
    if (e.pointerType !== 'mouse') return;
    pausedByInteraction = true;
    pausedByPointerEnter = true;
    if (swiper.animating || swiper.autoplay.paused) return;
    pause(true);
  };
  const onPointerLeave = e => {
    if (e.pointerType !== 'mouse') return;
    pausedByPointerEnter = false;
    if (swiper.autoplay.paused) {
      resume();
    }
  };
  const attachMouseEvents = () => {
    if (swiper.params.autoplay.pauseOnMouseEnter) {
      swiper.el.addEventListener('pointerenter', onPointerEnter);
      swiper.el.addEventListener('pointerleave', onPointerLeave);
    }
  };
  const detachMouseEvents = () => {
    swiper.el.removeEventListener('pointerenter', onPointerEnter);
    swiper.el.removeEventListener('pointerleave', onPointerLeave);
  };
  const attachDocumentEvents = () => {
    const document = getDocument();
    document.addEventListener('visibilitychange', onVisibilityChange);
  };
  const detachDocumentEvents = () => {
    const document = getDocument();
    document.removeEventListener('visibilitychange', onVisibilityChange);
  };
  on('init', () => {
    if (swiper.params.autoplay.enabled) {
      attachMouseEvents();
      attachDocumentEvents();
      start();
    }
  });
  on('destroy', () => {
    detachMouseEvents();
    detachDocumentEvents();
    if (swiper.autoplay.running) {
      stop();
    }
  });
  on('_freeModeStaticRelease', () => {
    if (pausedByTouch || pausedByInteraction) {
      resume();
    }
  });
  on('_freeModeNoMomentumRelease', () => {
    if (!swiper.params.autoplay.disableOnInteraction) {
      pause(true, true);
    } else {
      stop();
    }
  });
  on('beforeTransitionStart', (_s, speed, internal) => {
    if (swiper.destroyed || !swiper.autoplay.running) return;
    if (internal || !swiper.params.autoplay.disableOnInteraction) {
      pause(true, true);
    } else {
      stop();
    }
  });
  on('sliderFirstMove', () => {
    if (swiper.destroyed || !swiper.autoplay.running) return;
    if (swiper.params.autoplay.disableOnInteraction) {
      stop();
      return;
    }
    isTouched = true;
    pausedByTouch = false;
    pausedByInteraction = false;
    touchStartTimeout = setTimeout(() => {
      pausedByInteraction = true;
      pausedByTouch = true;
      pause(true);
    }, 200);
  });
  on('touchEnd', () => {
    if (swiper.destroyed || !swiper.autoplay.running || !isTouched) return;
    clearTimeout(touchStartTimeout);
    clearTimeout(timeout);
    if (swiper.params.autoplay.disableOnInteraction) {
      pausedByTouch = false;
      isTouched = false;
      return;
    }
    if (pausedByTouch &amp;&amp; swiper.params.cssMode) resume();
    pausedByTouch = false;
    isTouched = false;
  });
  on('slideChange', () => {
    if (swiper.destroyed || !swiper.autoplay.running) return;
    slideChanged = true;
  });
  Object.assign(swiper.autoplay, {
    start,
    stop,
    pause,
    resume
  });
},function Pagination(_ref) {
  let {
    swiper,
    extendParams,
    on,
    emit
  } = _ref;
  const pfx = 'swiper-pagination';
  extendParams({
    pagination: {
      el: null,
      bulletElement: 'span',
      clickable: false,
      hideOnClick: false,
      renderBullet: null,
      renderProgressbar: null,
      renderFraction: null,
      renderCustom: null,
      progressbarOpposite: false,
      type: 'bullets',
      // 'bullets' or 'progressbar' or 'fraction' or 'custom'
      dynamicBullets: false,
      dynamicMainBullets: 1,
      formatFractionCurrent: number => number,
      formatFractionTotal: number => number,
      bulletClass: \`\${pfx}-bullet\`,
      bulletActiveClass: \`\${pfx}-bullet-active\`,
      modifierClass: \`\${pfx}-\`,
      currentClass: \`\${pfx}-current\`,
      totalClass: \`\${pfx}-total\`,
      hiddenClass: \`\${pfx}-hidden\`,
      progressbarFillClass: \`\${pfx}-progressbar-fill\`,
      progressbarOppositeClass: \`\${pfx}-progressbar-opposite\`,
      clickableClass: \`\${pfx}-clickable\`,
      lockClass: \`\${pfx}-lock\`,
      horizontalClass: \`\${pfx}-horizontal\`,
      verticalClass: \`\${pfx}-vertical\`,
      paginationDisabledClass: \`\${pfx}-disabled\`
    }
  });
  swiper.pagination = {
    el: null,
    bullets: []
  };
  let bulletSize;
  let dynamicBulletIndex = 0;
  function isPaginationDisabled() {
    return !swiper.params.pagination.el || !swiper.pagination.el || Array.isArray(swiper.pagination.el) &amp;&amp; swiper.pagination.el.length === 0;
  }
  function setSideBullets(bulletEl, position) {
    const {
      bulletActiveClass
    } = swiper.params.pagination;
    if (!bulletEl) return;
    bulletEl = bulletEl[\`\${position === 'prev' ? 'previous' : 'next'}ElementSibling\`];
    if (bulletEl) {
      bulletEl.classList.add(\`\${bulletActiveClass}-\${position}\`);
      bulletEl = bulletEl[\`\${position === 'prev' ? 'previous' : 'next'}ElementSibling\`];
      if (bulletEl) {
        bulletEl.classList.add(\`\${bulletActiveClass}-\${position}-\${position}\`);
      }
    }
  }
  function onBulletClick(e) {
    const bulletEl = e.target.closest(classesToSelector(swiper.params.pagination.bulletClass));
    if (!bulletEl) {
      return;
    }
    e.preventDefault();
    const index = elementIndex(bulletEl) * swiper.params.slidesPerGroup;
    if (swiper.params.loop) {
      if (swiper.realIndex === index) return;
      swiper.slideToLoop(index);
    } else {
      swiper.slideTo(index);
    }
  }
  function update() {
    // Render || Update Pagination bullets/items
    const rtl = swiper.rtl;
    const params = swiper.params.pagination;
    if (isPaginationDisabled()) return;
    let el = swiper.pagination.el;
    el = makeElementsArray(el);
    // Current/Total
    let current;
    let previousIndex;
    const slidesLength = swiper.virtual &amp;&amp; swiper.params.virtual.enabled ? swiper.virtual.slides.length : swiper.slides.length;
    const total = swiper.params.loop ? Math.ceil(slidesLength / swiper.params.slidesPerGroup) : swiper.snapGrid.length;
    if (swiper.params.loop) {
      previousIndex = swiper.previousRealIndex || 0;
      current = swiper.params.slidesPerGroup > 1 ? Math.floor(swiper.realIndex / swiper.params.slidesPerGroup) : swiper.realIndex;
    } else if (typeof swiper.snapIndex !== 'undefined') {
      current = swiper.snapIndex;
      previousIndex = swiper.previousSnapIndex;
    } else {
      previousIndex = swiper.previousIndex || 0;
      current = swiper.activeIndex || 0;
    }
    // Types
    if (params.type === 'bullets' &amp;&amp; swiper.pagination.bullets &amp;&amp; swiper.pagination.bullets.length > 0) {
      const bullets = swiper.pagination.bullets;
      let firstIndex;
      let lastIndex;
      let midIndex;
      if (params.dynamicBullets) {
        bulletSize = elementOuterSize(bullets[0], swiper.isHorizontal() ? 'width' : 'height', true);
        el.forEach(subEl => {
          subEl.style[swiper.isHorizontal() ? 'width' : 'height'] = \`\${bulletSize * (params.dynamicMainBullets + 4)}px\`;
        });
        if (params.dynamicMainBullets > 1 &amp;&amp; previousIndex !== undefined) {
          dynamicBulletIndex += current - (previousIndex || 0);
          if (dynamicBulletIndex > params.dynamicMainBullets - 1) {
            dynamicBulletIndex = params.dynamicMainBullets - 1;
          } else if (dynamicBulletIndex < 0) {
            dynamicBulletIndex = 0;
          }
        }
        firstIndex = Math.max(current - dynamicBulletIndex, 0);
        lastIndex = firstIndex + (Math.min(bullets.length, params.dynamicMainBullets) - 1);
        midIndex = (lastIndex + firstIndex) / 2;
      }
      bullets.forEach(bulletEl => {
        const classesToRemove = [...['', '-next', '-next-next', '-prev', '-prev-prev', '-main'].map(suffix => \`\${params.bulletActiveClass}\${suffix}\`)].map(s => typeof s === 'string' &amp;&amp; s.includes(' ') ? s.split(' ') : s).flat();
        bulletEl.classList.remove(...classesToRemove);
      });
      if (el.length > 1) {
        bullets.forEach(bullet => {
          const bulletIndex = elementIndex(bullet);
          if (bulletIndex === current) {
            bullet.classList.add(...params.bulletActiveClass.split(' '));
          } else if (swiper.isElement) {
            bullet.setAttribute('part', 'bullet');
          }
          if (params.dynamicBullets) {
            if (bulletIndex >= firstIndex &amp;&amp; bulletIndex <= lastIndex) {
              bullet.classList.add(...\`\${params.bulletActiveClass}-main\`.split(' '));
            }
            if (bulletIndex === firstIndex) {
              setSideBullets(bullet, 'prev');
            }
            if (bulletIndex === lastIndex) {
              setSideBullets(bullet, 'next');
            }
          }
        });
      } else {
        const bullet = bullets[current];
        if (bullet) {
          bullet.classList.add(...params.bulletActiveClass.split(' '));
        }
        if (swiper.isElement) {
          bullets.forEach((bulletEl, bulletIndex) => {
            bulletEl.setAttribute('part', bulletIndex === current ? 'bullet-active' : 'bullet');
          });
        }
        if (params.dynamicBullets) {
          const firstDisplayedBullet = bullets[firstIndex];
          const lastDisplayedBullet = bullets[lastIndex];
          for (let i = firstIndex; i <= lastIndex; i += 1) {
            if (bullets[i]) {
              bullets[i].classList.add(...\`\${params.bulletActiveClass}-main\`.split(' '));
            }
          }
          setSideBullets(firstDisplayedBullet, 'prev');
          setSideBullets(lastDisplayedBullet, 'next');
        }
      }
      if (params.dynamicBullets) {
        const dynamicBulletsLength = Math.min(bullets.length, params.dynamicMainBullets + 4);
        const bulletsOffset = (bulletSize * dynamicBulletsLength - bulletSize) / 2 - midIndex * bulletSize;
        const offsetProp = rtl ? 'right' : 'left';
        bullets.forEach(bullet => {
          bullet.style[swiper.isHorizontal() ? offsetProp : 'top'] = \`\${bulletsOffset}px\`;
        });
      }
    }
    el.forEach((subEl, subElIndex) => {
      if (params.type === 'fraction') {
        subEl.querySelectorAll(classesToSelector(params.currentClass)).forEach(fractionEl => {
          fractionEl.textContent = params.formatFractionCurrent(current + 1);
        });
        subEl.querySelectorAll(classesToSelector(params.totalClass)).forEach(totalEl => {
          totalEl.textContent = params.formatFractionTotal(total);
        });
      }
      if (params.type === 'progressbar') {
        let progressbarDirection;
        if (params.progressbarOpposite) {
          progressbarDirection = swiper.isHorizontal() ? 'vertical' : 'horizontal';
        } else {
          progressbarDirection = swiper.isHorizontal() ? 'horizontal' : 'vertical';
        }
        const scale = (current + 1) / total;
        let scaleX = 1;
        let scaleY = 1;
        if (progressbarDirection === 'horizontal') {
          scaleX = scale;
        } else {
          scaleY = scale;
        }
        subEl.querySelectorAll(classesToSelector(params.progressbarFillClass)).forEach(progressEl => {
          progressEl.style.transform = \`translate3d(0,0,0) scaleX(\${scaleX}) scaleY(\${scaleY})\`;
          progressEl.style.transitionDuration = \`\${swiper.params.speed}ms\`;
        });
      }
      if (params.type === 'custom' &amp;&amp; params.renderCustom) {
        subEl.innerHTML = params.renderCustom(swiper, current + 1, total);
        if (subElIndex === 0) emit('paginationRender', subEl);
      } else {
        if (subElIndex === 0) emit('paginationRender', subEl);
        emit('paginationUpdate', subEl);
      }
      if (swiper.params.watchOverflow &amp;&amp; swiper.enabled) {
        subEl.classList[swiper.isLocked ? 'add' : 'remove'](params.lockClass);
      }
    });
  }
  function render() {
    // Render Container
    const params = swiper.params.pagination;
    if (isPaginationDisabled()) return;
    const slidesLength = swiper.virtual &amp;&amp; swiper.params.virtual.enabled ? swiper.virtual.slides.length : swiper.grid &amp;&amp; swiper.params.grid.rows > 1 ? swiper.slides.length / Math.ceil(swiper.params.grid.rows) : swiper.slides.length;
    let el = swiper.pagination.el;
    el = makeElementsArray(el);
    let paginationHTML = '';
    if (params.type === 'bullets') {
      let numberOfBullets = swiper.params.loop ? Math.ceil(slidesLength / swiper.params.slidesPerGroup) : swiper.snapGrid.length;
      if (swiper.params.freeMode &amp;&amp; swiper.params.freeMode.enabled &amp;&amp; numberOfBullets > slidesLength) {
        numberOfBullets = slidesLength;
      }
      for (let i = 0; i < numberOfBullets; i += 1) {
        if (params.renderBullet) {
          paginationHTML += params.renderBullet.call(swiper, i, params.bulletClass);
        } else {
          // prettier-ignore
          paginationHTML += \`<\${params.bulletElement} \${swiper.isElement ? 'part=&quot;bullet&quot;' : ''} class=&quot;\${params.bulletClass}&quot;></\${params.bulletElement}>\`;
        }
      }
    }
    if (params.type === 'fraction') {
      if (params.renderFraction) {
        paginationHTML = params.renderFraction.call(swiper, params.currentClass, params.totalClass);
      } else {
        paginationHTML = \`<span class=&quot;\${params.currentClass}&quot;></span>\` + ' / ' + \`<span class=&quot;\${params.totalClass}&quot;></span>\`;
      }
    }
    if (params.type === 'progressbar') {
      if (params.renderProgressbar) {
        paginationHTML = params.renderProgressbar.call(swiper, params.progressbarFillClass);
      } else {
        paginationHTML = \`<span class=&quot;\${params.progressbarFillClass}&quot;></span>\`;
      }
    }
    swiper.pagination.bullets = [];
    el.forEach(subEl => {
      if (params.type !== 'custom') {
        subEl.innerHTML = paginationHTML || '';
      }
      if (params.type === 'bullets') {
        swiper.pagination.bullets.push(...subEl.querySelectorAll(classesToSelector(params.bulletClass)));
      }
    });
    if (params.type !== 'custom') {
      emit('paginationRender', el[0]);
    }
  }
  function init() {
    swiper.params.pagination = createElementIfNotDefined(swiper, swiper.originalParams.pagination, swiper.params.pagination, {
      el: 'swiper-pagination'
    });
    const params = swiper.params.pagination;
    if (!params.el) return;
    let el;
    if (typeof params.el === 'string' &amp;&amp; swiper.isElement) {
      el = swiper.el.querySelector(params.el);
    }
    if (!el &amp;&amp; typeof params.el === 'string') {
      el = [...document.querySelectorAll(params.el)];
    }
    if (!el) {
      el = params.el;
    }
    if (!el || el.length === 0) return;
    if (swiper.params.uniqueNavElements &amp;&amp; typeof params.el === 'string' &amp;&amp; Array.isArray(el) &amp;&amp; el.length > 1) {
      el = [...swiper.el.querySelectorAll(params.el)];
      // check if it belongs to another nested Swiper
      if (el.length > 1) {
        el = el.filter(subEl => {
          if (elementParents(subEl, '.swiper')[0] !== swiper.el) return false;
          return true;
        })[0];
      }
    }
    if (Array.isArray(el) &amp;&amp; el.length === 1) el = el[0];
    Object.assign(swiper.pagination, {
      el
    });
    el = makeElementsArray(el);
    el.forEach(subEl => {
      if (params.type === 'bullets' &amp;&amp; params.clickable) {
        subEl.classList.add(...(params.clickableClass || '').split(' '));
      }
      subEl.classList.add(params.modifierClass + params.type);
      subEl.classList.add(swiper.isHorizontal() ? params.horizontalClass : params.verticalClass);
      if (params.type === 'bullets' &amp;&amp; params.dynamicBullets) {
        subEl.classList.add(\`\${params.modifierClass}\${params.type}-dynamic\`);
        dynamicBulletIndex = 0;
        if (params.dynamicMainBullets < 1) {
          params.dynamicMainBullets = 1;
        }
      }
      if (params.type === 'progressbar' &amp;&amp; params.progressbarOpposite) {
        subEl.classList.add(params.progressbarOppositeClass);
      }
      if (params.clickable) {
        subEl.addEventListener('click', onBulletClick);
      }
      if (!swiper.enabled) {
        subEl.classList.add(params.lockClass);
      }
    });
  }
  function destroy() {
    const params = swiper.params.pagination;
    if (isPaginationDisabled()) return;
    let el = swiper.pagination.el;
    if (el) {
      el = makeElementsArray(el);
      el.forEach(subEl => {
        subEl.classList.remove(params.hiddenClass);
        subEl.classList.remove(params.modifierClass + params.type);
        subEl.classList.remove(swiper.isHorizontal() ? params.horizontalClass : params.verticalClass);
        if (params.clickable) {
          subEl.classList.remove(...(params.clickableClass || '').split(' '));
          subEl.removeEventListener('click', onBulletClick);
        }
      });
    }
    if (swiper.pagination.bullets) swiper.pagination.bullets.forEach(subEl => subEl.classList.remove(...params.bulletActiveClass.split(' ')));
  }
  on('changeDirection', () => {
    if (!swiper.pagination || !swiper.pagination.el) return;
    const params = swiper.params.pagination;
    let {
      el
    } = swiper.pagination;
    el = makeElementsArray(el);
    el.forEach(subEl => {
      subEl.classList.remove(params.horizontalClass, params.verticalClass);
      subEl.classList.add(swiper.isHorizontal() ? params.horizontalClass : params.verticalClass);
    });
  });
  on('init', () => {
    if (swiper.params.pagination.enabled === false) {
      // eslint-disable-next-line
      disable();
    } else {
      init();
      render();
      update();
    }
  });
  on('activeIndexChange', () => {
    if (typeof swiper.snapIndex === 'undefined') {
      update();
    }
  });
  on('snapIndexChange', () => {
    update();
  });
  on('snapGridLengthChange', () => {
    render();
    update();
  });
  on('destroy', () => {
    destroy();
  });
  on('enable disable', () => {
    let {
      el
    } = swiper.pagination;
    if (el) {
      el = makeElementsArray(el);
      el.forEach(subEl => subEl.classList[swiper.enabled ? 'remove' : 'add'](swiper.params.pagination.lockClass));
    }
  });
  on('lock unlock', () => {
    update();
  });
  on('click', (_s, e) => {
    const targetEl = e.target;
    const el = makeElementsArray(swiper.pagination.el);
    if (swiper.params.pagination.el &amp;&amp; swiper.params.pagination.hideOnClick &amp;&amp; el &amp;&amp; el.length > 0 &amp;&amp; !targetEl.classList.contains(swiper.params.pagination.bulletClass)) {
      if (swiper.navigation &amp;&amp; (swiper.navigation.nextEl &amp;&amp; targetEl === swiper.navigation.nextEl || swiper.navigation.prevEl &amp;&amp; targetEl === swiper.navigation.prevEl)) return;
      const isHidden = el[0].classList.contains(swiper.params.pagination.hiddenClass);
      if (isHidden === true) {
        emit('paginationShow');
      } else {
        emit('paginationHide');
      }
      el.forEach(subEl => subEl.classList.toggle(swiper.params.pagination.hiddenClass));
    }
  });
  const enable = () => {
    swiper.el.classList.remove(swiper.params.pagination.paginationDisabledClass);
    let {
      el
    } = swiper.pagination;
    if (el) {
      el = makeElementsArray(el);
      el.forEach(subEl => subEl.classList.remove(swiper.params.pagination.paginationDisabledClass));
    }
    init();
    render();
    update();
  };
  const disable = () => {
    swiper.el.classList.add(swiper.params.pagination.paginationDisabledClass);
    let {
      el
    } = swiper.pagination;
    if (el) {
      el = makeElementsArray(el);
      el.forEach(subEl => subEl.classList.add(swiper.params.pagination.paginationDisabledClass));
    }
    destroy();
  };
  Object.assign(swiper.pagination, {
    enable,
    disable,
    render,
    update,
    init,
    destroy
  });
},function Navigation(_ref) {
  let {
    swiper,
    extendParams,
    on,
    emit
  } = _ref;
  extendParams({
    navigation: {
      nextEl: null,
      prevEl: null,
      hideOnClick: false,
      disabledClass: 'swiper-button-disabled',
      hiddenClass: 'swiper-button-hidden',
      lockClass: 'swiper-button-lock',
      navigationDisabledClass: 'swiper-navigation-disabled'
    }
  });
  swiper.navigation = {
    nextEl: null,
    prevEl: null
  };
  function getEl(el) {
    let res;
    if (el &amp;&amp; typeof el === 'string' &amp;&amp; swiper.isElement) {
      res = swiper.el.querySelector(el);
      if (res) return res;
    }
    if (el) {
      if (typeof el === 'string') res = [...document.querySelectorAll(el)];
      if (swiper.params.uniqueNavElements &amp;&amp; typeof el === 'string' &amp;&amp; res &amp;&amp; res.length > 1 &amp;&amp; swiper.el.querySelectorAll(el).length === 1) {
        res = swiper.el.querySelector(el);
      } else if (res &amp;&amp; res.length === 1) {
        res = res[0];
      }
    }
    if (el &amp;&amp; !res) return el;
    // if (Array.isArray(res) &amp;&amp; res.length === 1) res = res[0];
    return res;
  }
  function toggleEl(el, disabled) {
    const params = swiper.params.navigation;
    el = makeElementsArray(el);
    el.forEach(subEl => {
      if (subEl) {
        subEl.classList[disabled ? 'add' : 'remove'](...params.disabledClass.split(' '));
        if (subEl.tagName === 'BUTTON') subEl.disabled = disabled;
        if (swiper.params.watchOverflow &amp;&amp; swiper.enabled) {
          subEl.classList[swiper.isLocked ? 'add' : 'remove'](params.lockClass);
        }
      }
    });
  }
  function update() {
    // Update Navigation Buttons
    const {
      nextEl,
      prevEl
    } = swiper.navigation;
    if (swiper.params.loop) {
      toggleEl(prevEl, false);
      toggleEl(nextEl, false);
      return;
    }
    toggleEl(prevEl, swiper.isBeginning &amp;&amp; !swiper.params.rewind);
    toggleEl(nextEl, swiper.isEnd &amp;&amp; !swiper.params.rewind);
  }
  function onPrevClick(e) {
    e.preventDefault();
    if (swiper.isBeginning &amp;&amp; !swiper.params.loop &amp;&amp; !swiper.params.rewind) return;
    swiper.slidePrev();
    emit('navigationPrev');
  }
  function onNextClick(e) {
    e.preventDefault();
    if (swiper.isEnd &amp;&amp; !swiper.params.loop &amp;&amp; !swiper.params.rewind) return;
    swiper.slideNext();
    emit('navigationNext');
  }
  function init() {
    const params = swiper.params.navigation;
    swiper.params.navigation = createElementIfNotDefined(swiper, swiper.originalParams.navigation, swiper.params.navigation, {
      nextEl: 'swiper-button-next',
      prevEl: 'swiper-button-prev'
    });
    if (!(params.nextEl || params.prevEl)) return;
    let nextEl = getEl(params.nextEl);
    let prevEl = getEl(params.prevEl);
    Object.assign(swiper.navigation, {
      nextEl,
      prevEl
    });
    nextEl = makeElementsArray(nextEl);
    prevEl = makeElementsArray(prevEl);
    const initButton = (el, dir) => {
      if (el) {
        el.addEventListener('click', dir === 'next' ? onNextClick : onPrevClick);
      }
      if (!swiper.enabled &amp;&amp; el) {
        el.classList.add(...params.lockClass.split(' '));
      }
    };
    nextEl.forEach(el => initButton(el, 'next'));
    prevEl.forEach(el => initButton(el, 'prev'));
  }
  function destroy() {
    let {
      nextEl,
      prevEl
    } = swiper.navigation;
    nextEl = makeElementsArray(nextEl);
    prevEl = makeElementsArray(prevEl);
    const destroyButton = (el, dir) => {
      el.removeEventListener('click', dir === 'next' ? onNextClick : onPrevClick);
      el.classList.remove(...swiper.params.navigation.disabledClass.split(' '));
    };
    nextEl.forEach(el => destroyButton(el, 'next'));
    prevEl.forEach(el => destroyButton(el, 'prev'));
  }
  on('init', () => {
    if (swiper.params.navigation.enabled === false) {
      // eslint-disable-next-line
      disable();
    } else {
      init();
      update();
    }
  });
  on('toEdge fromEdge lock unlock', () => {
    update();
  });
  on('destroy', () => {
    destroy();
  });
  on('enable disable', () => {
    let {
      nextEl,
      prevEl
    } = swiper.navigation;
    nextEl = makeElementsArray(nextEl);
    prevEl = makeElementsArray(prevEl);
    if (swiper.enabled) {
      update();
      return;
    }
    [...nextEl, ...prevEl].filter(el => !!el).forEach(el => el.classList.add(swiper.params.navigation.lockClass));
  });
  on('click', (_s, e) => {
    let {
      nextEl,
      prevEl
    } = swiper.navigation;
    nextEl = makeElementsArray(nextEl);
    prevEl = makeElementsArray(prevEl);
    const targetEl = e.target;
    if (swiper.params.navigation.hideOnClick &amp;&amp; !prevEl.includes(targetEl) &amp;&amp; !nextEl.includes(targetEl)) {
      if (swiper.pagination &amp;&amp; swiper.params.pagination &amp;&amp; swiper.params.pagination.clickable &amp;&amp; (swiper.pagination.el === targetEl || swiper.pagination.el.contains(targetEl))) return;
      let isHidden;
      if (nextEl.length) {
        isHidden = nextEl[0].classList.contains(swiper.params.navigation.hiddenClass);
      } else if (prevEl.length) {
        isHidden = prevEl[0].classList.contains(swiper.params.navigation.hiddenClass);
      }
      if (isHidden === true) {
        emit('navigationShow');
      } else {
        emit('navigationHide');
      }
      [...nextEl, ...prevEl].filter(el => !!el).forEach(el => el.classList.toggle(swiper.params.navigation.hiddenClass));
    }
  });
  const enable = () => {
    swiper.el.classList.remove(...swiper.params.navigation.navigationDisabledClass.split(' '));
    init();
    update();
  };
  const disable = () => {
    swiper.el.classList.add(...swiper.params.navigation.navigationDisabledClass.split(' '));
    destroy();
  };
  Object.assign(swiper.navigation, {
    enable,
    disable,
    update,
    init,
    destroy
  });
}" swiperelementnodename="SWIPER-CONTAINER" breakpoints="[object Object]" spacebetween="50" slidesperview="4" centeredslides="false" loop="false" navigation="false" style="--swiper-navigation-color: var(--primary-color); --swiper-pagination-color: var(--primary-color);" lazy="false"></swiper-stub>"
`;
