// Vitest Snapshot v1, https://vitest.dev/guide/snapshot.html

exports[`ToasterProvider > renders correctly 1`] = `
"<div class="fixed z-40 top-32 right-5">
  <div data-v-a2f0cfc0="" class="toaster" role="alert">
    <div data-v-a2f0cfc0="" class="icon success"><svg data-v-a2f0cfc0="" class="w-5 h-5" aria-hidden="true" xmlns="http://www.w3.org/2000/svg" fill="currentColor" viewBox="0 0 20 20">
        <path d="M10 .5a9.5 9.5 0 1 0 9.5 9.5A9.51 9.51 0 0 0 10 .5Zm3.707 8.207-4 4a1 1 0 0 1-1.414 0l-2-2a1 1 0 0 1 1.414-1.414L9 10.586l3.293-3.293a1 1 0 0 1 1.414 1.414Z"></path>
      </svg>
      <!--v-if-->
      <!--v-if-->
    </div>
    <div data-v-a2f0cfc0="" class="text">Test Message 1</div><button data-v-a2f0cfc0="" type="button" class="close-button" aria-label="Close"><svg data-v-a2f0cfc0="" class="w-3 h-3" aria-hidden="true" xmlns="http://www.w3.org/2000/svg" fill="none" viewBox="0 0 14 14">
        <path stroke="currentColor" stroke-linecap="round" stroke-linejoin="round" stroke-width="2" d="m1 1 6 6m0 0 6 6M7 7l6-6M7 7l-6 6"></path>
      </svg></button>
  </div>
  <div data-v-a2f0cfc0="" class="toaster" role="alert">
    <div data-v-a2f0cfc0="" class="icon error">
      <!--v-if--><svg data-v-a2f0cfc0="" class="w-5 h-5" aria-hidden="true" xmlns="http://www.w3.org/2000/svg" fill="currentColor" viewBox="0 0 20 20">
        <path d="M10 .5a9.5 9.5 0 1 0 9.5 9.5A9.51 9.51 0 0 0 10 .5Zm3.707 11.793a1 1 0 1 1-1.414 1.414L10 11.414l-2.293 2.293a1 1 0 0 1-1.414-1.414L8.586 10 6.293 7.707a1 1 0 0 1 1.414-1.414L10 8.586l2.293-2.293a1 1 0 0 1 1.414 1.414L11.414 10l2.293 2.293Z"></path>
      </svg>
      <!--v-if-->
    </div>
    <div data-v-a2f0cfc0="" class="text">Test Message 2</div><button data-v-a2f0cfc0="" type="button" class="close-button" aria-label="Close"><svg data-v-a2f0cfc0="" class="w-3 h-3" aria-hidden="true" xmlns="http://www.w3.org/2000/svg" fill="none" viewBox="0 0 14 14">
        <path stroke="currentColor" stroke-linecap="round" stroke-linejoin="round" stroke-width="2" d="m1 1 6 6m0 0 6 6M7 7l6-6M7 7l-6 6"></path>
      </svg></button>
  </div>
</div>"
`;
