// Vitest Snapshot v1, https://vitest.dev/guide/snapshot.html

exports[`CastSwiper.vue > renders correctly 1`] = `
"<div class="mb-12">
  <div class="my-9">
    <div class="w-full flex sm:gap-8 gap-4 items-center">
      <div class="text-teal-500"><svg stroke="currentColor" fill="currentColor" stroke-width="0" viewBox="0 0 640 512" class="sm:w-6 sm:h-6 w-4 h-4 text-subMain" height="1em" width="1em" xmlns="http://www.w3.org/2000/svg">
          <path d="M192 256c61.9 0 112-50.1 112-112S253.9 32 192 32 80 82.1 80 144s50.1 112 112 112zm76.8 32h-8.3c-20.8 10-43.9 16-68.5 16s-47.6-6-68.5-16h-8.3C51.6 288 0 339.6 0 403.2V432c0 26.5 21.5 48 48 48h288c26.5 0 48-21.5 48-48v-28.8c0-63.6-51.6-115.2-115.2-115.2zM480 256c53 0 96-43 96-96s-43-96-96-96-96 43-96 96 43 96 96 96zm48 32h-3.8c-13.9 4.8-28.6 8-44.2 8s-30.3-3.2-44.2-8H432c-20.4 0-39.2 5.9-55.7 15.4 24.4 26.3 39.7 61.2 39.7 99.8v38.4c0 2.2-.5 4.3-.6 6.4H592c26.5 0 48-21.5 48-48 0-61.9-50.1-112-112-112z"></path>
        </svg></div>
      <h2 class="sm:text-xl font-bold text-lg">Casts</h2>
    </div>
  </div>
  <div class="swiper swiper-initialized swiper-horizontal" style="--swiper-navigation-color: rgb(20 184 166 / var(--tw-text-opacity)); --swiper-pagination-color: rgb(20 184 166 / var(--tw-text-opacity));" lazy="false">
    <div class="swiper-wrapper" style="transition-duration: 0ms; transition-delay: 0ms; transform: translate3d(NaNpx, 0px, 0px);">
      <div class="swiper-slide">
        <div data-v-6563c4e7="" class="cast-item"><img data-v-6563c4e7="" src="image1.jpg" alt="Person 1" class="w-full h-full object-cover img">
          <p data-v-6563c4e7="" class="text-center">Person 1</p>
        </div>
        <!---->
      </div>
    </div>
    <div class="swiper-button-prev"></div>
    <div class="swiper-button-next"></div>
    <!---->
    <!---->
  </div>
</div>"
`;
