// Vitest Snapshot v1, https://vitest.dev/guide/snapshot.html

exports[`DetailsPoster > renders correctly 1`] = `
"<div data-v-0f6e4b97="" class="poster-container"><img data-v-0f6e4b97="" src="https://static.tvmaze.com/uploads/images/original_untouched/4/11308.jpg" alt="Gilmore Girls" class="w-full h-full object-cover large-image">
  <div data-v-0f6e4b97="" class="overlay">
    <div data-v-0f6e4b97="" class="container">
      <div data-v-0f6e4b97="" class="image-content"><img data-v-0f6e4b97="" src="https://static.tvmaze.com/uploads/images/medium_portrait/4/11308.jpg" alt="Gilmore Girls" class="w-full h-full object-cover thumbnail"></div>
      <div data-v-0f6e4b97="" class="main-content">
        <div data-v-0f6e4b97="" class="inner-container">
          <h1 data-v-0f6e4b97="" class="title">Gilmore Girls</h1>
          <div data-v-0f6e4b97="" class="box">
            <div class="status">Ended</div>
            <div class="item"><span class="text">Drama,Comedy,Romance</span></div>
            <div class="item"><svg stroke="currentColor" fill="currentColor" stroke-width="0" viewBox="0 0 448 512" class="text-subMain w-3 h-3 text-primary" height="1em" width="1em" xmlns="http://www.w3.org/2000/svg">
                <path d="M148 288h-40c-6.6 0-12-5.4-12-12v-40c0-6.6 5.4-12 12-12h40c6.6 0 12 5.4 12 12v40c0 6.6-5.4 12-12 12zm108-12v-40c0-6.6-5.4-12-12-12h-40c-6.6 0-12 5.4-12 12v40c0 6.6 5.4 12 12 12h40c6.6 0 12-5.4 12-12zm96 0v-40c0-6.6-5.4-12-12-12h-40c-6.6 0-12 5.4-12 12v40c0 6.6 5.4 12 12 12h40c6.6 0 12-5.4 12-12zm-96 96v-40c0-6.6-5.4-12-12-12h-40c-6.6 0-12 5.4-12 12v40c0 6.6 5.4 12 12 12h40c6.6 0 12-5.4 12-12zm-96 0v-40c0-6.6-5.4-12-12-12h-40c-6.6 0-12 5.4-12 12v40c0 6.6 5.4 12 12 12h40c6.6 0 12-5.4 12-12zm192 0v-40c0-6.6-5.4-12-12-12h-40c-6.6 0-12 5.4-12 12v40c0 6.6 5.4 12 12 12h40c6.6 0 12-5.4 12-12zm96-260v352c0 26.5-21.5 48-48 48H48c-26.5 0-48-21.5-48-48V112c0-26.5 21.5-48 48-48h48V12c0-6.6 5.4-12 12-12h40c6.6 0 12 5.4 12 12v52h128V12c0-6.6 5.4-12 12-12h40c6.6 0 12 5.4 12 12v52h48c26.5 0 48 21.5 48 48zm-48 346V160H48v298c0 3.3 2.7 6 6 6h340c3.3 0 6-2.7 6-6z"></path>
              </svg><span class="text">2007</span></div>
            <div class="item"><svg stroke="currentColor" fill="currentColor" stroke-width="0" viewBox="0 0 24 24" class="text-subMain w-3 h-3 text-primary" height="1em" width="1em" xmlns="http://www.w3.org/2000/svg">
                <path d="M12 2C6.486 2 2 6.486 2 12s4.486 10 10 10 10-4.486 10-10S17.514 2 12 2zm0 18c-4.411 0-8-3.589-8-8s3.589-8 8-8 8 3.589 8 8-3.589 8-8 8z"></path>
                <path d="M13 7h-2v6h6v-2h-4z"></path>
              </svg><span class="text">Tuesday 21:00</span></div>
          </div>
          <p data-v-0f6e4b97="" class="summary">
          <p><b>Gilmore Girls</b> is a drama centering around the relationship between a thirtysomething single mother and her teen daughter living in Stars Hollow, Connecticut.</p>
          </p>
          <div data-v-b00b0726="" data-v-0f6e4b97="" class="box">
            <div data-v-b00b0726="" class="col1"><button data-v-b00b0726="" class="share-btn"><svg data-v-b00b0726="" stroke="currentColor" fill="currentColor" stroke-width="0" viewBox="0 0 448 512" height="1em" width="1em" xmlns="http://www.w3.org/2000/svg">
                  <path d="M352 320c-22.608 0-43.387 7.819-59.79 20.895l-102.486-64.054a96.551 96.551 0 0 0 0-41.683l102.486-64.054C308.613 184.181 329.392 192 352 192c53.019 0 96-42.981 96-96S405.019 0 352 0s-96 42.981-96 96c0 7.158.79 14.13 2.276 20.841L155.79 180.895C139.387 167.819 118.608 160 96 160c-53.019 0-96 42.981-96 96s42.981 96 96 96c22.608 0 43.387-7.819 59.79-20.895l102.486 64.054A96.301 96.301 0 0 0 256 416c0 53.019 42.981 96 96 96s96-42.981 96-96-42.981-96-96-96z"></path>
                </svg></button></div>
            <div data-v-b00b0726="" class="col2">
              <p data-v-b00b0726=""> Language : <span data-v-b00b0726="" class="ml-2 truncate">English</span></p>
            </div>
            <div data-v-b00b0726="" class="col3"><button data-v-b00b0726="" class="play-btn"><svg data-v-b00b0726="" class="svg-icon" style="width: 1em; height: 1em; vertical-align: middle; fill: currentColor; overflow: hidden;" viewBox="0 0 1024 1024" version="1.1" xmlns="http://www.w3.org/2000/svg">
                  <path d="M852.727563 392.447107C956.997809 458.473635 956.941389 565.559517 852.727563 631.55032L281.888889 993.019655C177.618644 1059.046186 93.090909 1016.054114 93.090909 897.137364L93.090909 126.860063C93.090909 7.879206 177.675064-35.013033 281.888889 30.977769L852.727563 392.447107 852.727563 392.447107Z"></path>
                </svg> Watch </button></div>
          </div>
        </div>
        <div data-v-0f6e4b97="" class="back-container"><button data-v-0f6e4b97="" class="btn-back">
            <div class="text"> Back <svg xmlns="http://www.w3.org/2000/svg" shape-rendering="geometricPrecision" text-rendering="geometricPrecision" image-rendering="optimizeQuality" fill-rule="evenodd" clip-rule="evenodd" viewBox="0 0 512 512.001" class="icon">
                <path fill="#FFF" fill-rule="nonzero" d="M512 256c0 70.685-28.658 134.696-74.981 181.019-46.324 46.324-110.327 74.982-181.019 74.982-70.692 0-134.695-28.658-181.019-74.982C28.658 390.696 0 326.692 0 256c0-70.691 28.658-134.695 74.981-181.019C121.305 28.658 185.308 0 256 0c70.692 0 134.695 28.658 181.019 74.981C483.342 121.305 512 185.309 512 256zm-200.641-79.002c17.861-30.984-6.963-46.317-25.063-29.013L185.25 236.726c-16.136 16.13-16.136 22.427 0 38.563l101.046 88.742c18.187 17.18 42.867 2.202 25.063-29.021l-46.932-79.002 46.932-79.01z"></path>
              </svg></div>
          </button></div>
      </div>
    </div>
  </div>
</div>"
`;
