// Vitest Snapshot v1, https://vitest.dev/guide/snapshot.html

exports[`DetailsPoster > renders correctly 1`] = `
"<div data-v-b00b0726="" class="box">
  <div data-v-b00b0726="" class="col1"><button data-v-b00b0726="" class="share-btn"><svg data-v-b00b0726="" stroke="currentColor" fill="currentColor" stroke-width="0" viewBox="0 0 448 512" height="1em" width="1em" xmlns="http://www.w3.org/2000/svg">
        <path d="M352 320c-22.608 0-43.387 7.819-59.79 20.895l-102.486-64.054a96.551 96.551 0 0 0 0-41.683l102.486-64.054C308.613 184.181 329.392 192 352 192c53.019 0 96-42.981 96-96S405.019 0 352 0s-96 42.981-96 96c0 7.158.79 14.13 2.276 20.841L155.79 180.895C139.387 167.819 118.608 160 96 160c-53.019 0-96 42.981-96 96s42.981 96 96 96c22.608 0 43.387-7.819 59.79-20.895l102.486 64.054A96.301 96.301 0 0 0 256 416c0 53.019 42.981 96 96 96s96-42.981 96-96-42.981-96-96-96z"></path>
      </svg></button></div>
  <div data-v-b00b0726="" class="col2">
    <p data-v-b00b0726=""> Language : <span data-v-b00b0726="" class="ml-2 truncate">English</span></p>
  </div>
  <div data-v-b00b0726="" class="col3"><button data-v-b00b0726="" class="play-btn"><svg data-v-b00b0726="" class="svg-icon" style="width: 1em; height: 1em; vertical-align: middle; fill: currentColor; overflow: hidden;" viewBox="0 0 1024 1024" version="1.1" xmlns="http://www.w3.org/2000/svg">
        <path d="M852.727563 392.447107C956.997809 458.473635 956.941389 565.559517 852.727563 631.55032L281.888889 993.019655C177.618644 1059.046186 93.090909 1016.054114 93.090909 897.137364L93.090909 126.860063C93.090909 7.879206 177.675064-35.013033 281.888889 30.977769L852.727563 392.447107 852.727563 392.447107Z"></path>
      </svg> Watch </button></div>
</div>"
`;
