// Vitest Snapshot v1, https://vitest.dev/guide/snapshot.html

exports[`ShowItem.vue > renders correctly 1`] = `
"<div data-v-a85b8742="" class="show-item"><a data-v-a85b8742="">
    <div data-v-a85b8742=""><img data-v-a85b8742="" src="inception.jpg" alt="Inception" class="w-full h-full object-cover"></div>
    <div data-v-a85b8742="" class="caption">
      <h3 data-v-a85b8742="">Inception</h3><button data-v-a85b8742=""><svg data-v-a85b8742="" class="svg-icon" style="width: 1em; height: 1em; vertical-align: middle; fill: currentColor; overflow: hidden;" viewBox="0 0 1024 1024" version="1.1" xmlns="http://www.w3.org/2000/svg">
          <path d="M852.727563 392.447107C956.997809 458.473635 956.941389 565.559517 852.727563 631.55032L281.888889 993.019655C177.618644 1059.046186 93.090909 1016.054114 93.090909 897.137364L93.090909 126.860063C93.090909 7.879206 177.675064-35.013033 281.888889 30.977769L852.727563 392.447107 852.727563 392.447107Z"></path>
        </svg></button>
    </div>
  </a></div>"
`;
