// Vitest Snapshot v1, https://vitest.dev/guide/snapshot.html

exports[`ThumbnailItem > renders correctly 1`] = `
"<div data-v-8b7c7139="" class="container"><a data-v-8b7c7139=""><img data-v-8b7c7139="" src="Inception.jpg" alt="Inception" class="w-full h-full object-cover t-image">
    <div data-v-8b7c7139="" class="item"><button data-v-8b7c7139="" class="item-button"><svg data-v-8b7c7139="" class="svg-icon" style="width: 1em; height: 1em; vertical-align: middle; fill: currentColor; overflow: hidden;" viewBox="0 0 1024 1024" version="1.1" xmlns="http://www.w3.org/2000/svg">
          <path d="M852.727563 392.447107C956.997809 458.473635 956.941389 565.559517 852.727563 631.55032L281.888889 993.019655C177.618644 1059.046186 93.090909 1016.054114 93.090909 897.137364L93.090909 126.860063C93.090909 7.879206 177.675064-35.013033 281.888889 30.977769L852.727563 392.447107 852.727563 392.447107Z"></path>
        </svg></button><a data-v-8b7c7139="" class="title" href="Inception">Inception</a>
      <div data-v-8b7c7139="" class="flex gap-2 text-yellow-500">
        <!-- Render filled stars --><span><svg stroke="currentColor" fill="currentColor" stroke-width="0" viewBox="0 0 576 512" height="1em" width="1em" xmlns="http://www.w3.org/2000/svg"><path d="M259.3 17.8L194 150.2 47.9 171.5c-26.2 3.8-36.7 36.1-17.7 54.6l105.7 103-25 145.5c-4.5 26.3 23.2 46 46.4 33.7L288 439.6l130.7 68.7c23.2 12.2 50.9-7.4 46.4-33.7l-25-145.5 105.7-103c19-18.5 8.5-50.8-17.7-54.6L382 150.2 316.7 17.8c-11.7-23.6-45.6-23.9-57.4 0z"></path></svg></span><span><svg stroke="currentColor" fill="currentColor" stroke-width="0" viewBox="0 0 576 512" height="1em" width="1em" xmlns="http://www.w3.org/2000/svg"><path d="M259.3 17.8L194 150.2 47.9 171.5c-26.2 3.8-36.7 36.1-17.7 54.6l105.7 103-25 145.5c-4.5 26.3 23.2 46 46.4 33.7L288 439.6l130.7 68.7c23.2 12.2 50.9-7.4 46.4-33.7l-25-145.5 105.7-103c19-18.5 8.5-50.8-17.7-54.6L382 150.2 316.7 17.8c-11.7-23.6-45.6-23.9-57.4 0z"></path></svg></span><span><svg stroke="currentColor" fill="currentColor" stroke-width="0" viewBox="0 0 576 512" height="1em" width="1em" xmlns="http://www.w3.org/2000/svg"><path d="M259.3 17.8L194 150.2 47.9 171.5c-26.2 3.8-36.7 36.1-17.7 54.6l105.7 103-25 145.5c-4.5 26.3 23.2 46 46.4 33.7L288 439.6l130.7 68.7c23.2 12.2 50.9-7.4 46.4-33.7l-25-145.5 105.7-103c19-18.5 8.5-50.8-17.7-54.6L382 150.2 316.7 17.8c-11.7-23.6-45.6-23.9-57.4 0z"></path></svg></span><span><svg stroke="currentColor" fill="currentColor" stroke-width="0" viewBox="0 0 576 512" height="1em" width="1em" xmlns="http://www.w3.org/2000/svg"><path d="M259.3 17.8L194 150.2 47.9 171.5c-26.2 3.8-36.7 36.1-17.7 54.6l105.7 103-25 145.5c-4.5 26.3 23.2 46 46.4 33.7L288 439.6l130.7 68.7c23.2 12.2 50.9-7.4 46.4-33.7l-25-145.5 105.7-103c19-18.5 8.5-50.8-17.7-54.6L382 150.2 316.7 17.8c-11.7-23.6-45.6-23.9-57.4 0z"></path></svg></span><!-- Render empty stars --><span><svg stroke="currentColor" fill="currentColor" stroke-width="0" viewBox="0 0 576 512" height="1em" width="1em" xmlns="http://www.w3.org/2000/svg"><path d="M528.1 171.5L382 150.2 316.7 17.8c-11.7-23.6-45.6-23.9-57.4 0L194 150.2 47.9 171.5c-26.2 3.8-36.7 36.1-17.7 54.6l105.7 103-25 145.5c-4.5 26.3 23.2 46 46.4 33.7L288 439.6l130.7 68.7c23.2 12.2 50.9-7.4 46.4-33.7l-25-145.5 105.7-103c19-18.5 8.5-50.8-17.7-54.6zM388.6 312.3l23.7 138.4L288 385.4l-124.3 65.3 23.7-138.4-100.6-98 139-20.2 62.2-126 62.2 126 139 20.2-100.6 98z"></path></svg></span>
      </div>
    </div>
  </a></div>"
`;
